 Container LMS_postgres Running 
 Container LMS_redis Running 
 Container LMS_event_worker Recreate 
 Container LMS_stats_worker Recreate 
 Container LMS_app Recreate 
 Container LMS_app Recreated 
 Container LMS_caddy Running 
 Container LMS_stats_worker Recreated 
 Container LMS_event_worker Recreated 
Attaching to LMS_app, LMS_caddy, LMS_event_worker, LMS_postgres, LMS_redis, LMS_stats_worker
 Container LMS_redis Waiting 
 Container LMS_postgres Waiting 
 Container LMS_postgres Waiting 
 Container LMS_redis Waiting 
 Container LMS_redis Waiting 
 Container LMS_postgres Waiting 
 Container LMS_postgres Healthy 
 Container LMS_redis Healthy 
 Container LMS_event_worker Starting 
 Container LMS_redis Healthy 
 Container LMS_postgres Healthy 
 Container LMS_stats_worker Starting 
 Container LMS_redis Healthy 
 Container LMS_postgres Healthy 
 Container LMS_app Starting 
LMS_stats_worker  | 🚀 TechNurture LMS - Starting application...
LMS_stats_worker  | ⏳ Waiting for database to be ready...
 Container LMS_stats_worker Started 
LMS_stats_worker  | ✅ Database is ready
LMS_stats_worker  | ⏳ Waiting for Redis to be ready...
LMS_app           | 🚀 TechNurture LMS - Starting application...
LMS_app           | ⏳ Waiting for database to be ready...
LMS_event_worker  | 🚀 TechNurture LMS - Starting application...
LMS_event_worker  | ⏳ Waiting for database to be ready...
 Container LMS_app Started 
 Container LMS_app Waiting 
 Container LMS_event_worker Started 
LMS_app           | ✅ Database is ready
LMS_app           | ⏳ Waiting for Redis to be ready...
LMS_event_worker  | ✅ Database is ready
LMS_event_worker  | ⏳ Waiting for Redis to be ready...
LMS_caddy         | {"level":"info","ts":1775205644.9677365,"logger":"http.handlers.reverse_proxy.health_checker.active","msg":"HTTP request failed","host":"app:3000","error":"Get \"http://app:3000/\": dial tcp 172.19.0.5:3000: connect: connection refused"}
LMS_stats_worker  | ✅ Redis is ready
LMS_stats_worker  | 🎯 Starting worker process: npx tsx scripts/stats-flush-worker.ts
LMS_app           | ✅ Redis is ready
LMS_app           | 🔄 Running database migrations...
LMS_app           | Found migration script, running migrations natively via Drizzle...
LMS_event_worker  | ✅ Redis is ready
LMS_event_worker  | 🎯 Starting worker process: npx tsx scripts/event-worker.ts
LMS_app           | Connecting to database...
LMS_app           | Database URL: postgresql:***@db:5432/technurturelabs
LMS_app           | Testing database connection...
LMS_app           | ✅ Database connection successful
LMS_app           | Running migrations from drizzle folder...
LMS_app           | {
LMS_app           |   severity_local: 'NOTICE',
LMS_app           |   severity: 'NOTICE',
LMS_app           |   code: '42P06',
LMS_app           |   message: 'schema "drizzle" already exists, skipping',
LMS_app           |   file: 'schemacmds.c',
LMS_app           |   line: '131',
LMS_app           |   routine: 'CreateSchemaCommand'
LMS_app           | }
LMS_app           | {
LMS_app           |   severity_local: 'NOTICE',
LMS_app           |   severity: 'NOTICE',
LMS_app           |   code: '42P07',
LMS_app           |   message: 'relation "__drizzle_migrations" already exists, skipping',
LMS_app           |   file: 'parse_utilcmd.c',
LMS_app           |   line: '207',
LMS_app           |   routine: 'transformCreateStmt'
LMS_app           | }
LMS_app           | ✅ Migrations completed successfully
LMS_app           | Database connection closed
LMS_stats_worker  | --- Stats Flush Worker Started ---
LMS_stats_worker  | [FlushWorker] Waiting for Redis... (attempt 1/30)
LMS_app           | npm notice
LMS_app           | npm notice New major version of npm available! 10.8.2 -> 11.12.1
LMS_app           | npm notice Changelog: https://github.com/npm/cli/releases/tag/v11.12.1
LMS_app           | npm notice To update run: npm install -g npm@11.12.1
LMS_app           | npm notice
LMS_app           | ✅ Database migrations completed successfully
LMS_app           | 🌱 Seeding default database data...
LMS_stats_worker  | [FlushWorker] Redis is ready
LMS_stats_worker  | [FlushWorker] Waiting for initial migrations to complete...
LMS_app           | 
LMS_app           | > technurture-labs@1.0.0 db:seed
LMS_app           | > npx tsx scripts/seed.ts
LMS_app           | 
LMS_event_worker  | --- Platform Event Worker (BullMQ) Started ---
LMS_app           | 🚀 Starting Comprehensive Seed...
LMS_app           |    - Seeding Classes...
LMS_app           |    - Seeding Payment Plans (Updated Tiers)...
LMS_app           |    - Seeding Platform Settings...
LMS_app           |    - Seeding Super Admin...
LMS_app           |    ⚠️  Super admin already exists — skipped.
LMS_app           |       Run database/reset-admin.sql on the DB to force-reset credentials.
LMS_app           | ✅ Seeding Complete.
LMS_app           | npm notice
LMS_app           | npm notice New major version of npm available! 10.8.2 -> 11.12.1
LMS_app           | npm notice Changelog: https://github.com/npm/cli/releases/tag/v11.12.1
LMS_app           | npm notice To update run: npm install -g npm@11.12.1
LMS_app           | npm notice
LMS_app           | npm notice
LMS_app           | npm notice New major version of npm available! 10.8.2 -> 11.12.1
LMS_app           | npm notice Changelog: https://github.com/npm/cli/releases/tag/v11.12.1
LMS_app           | npm notice To update run: npm install -g npm@11.12.1
LMS_app           | npm notice
LMS_app           | ✅ Database seeding completed successfully
LMS_app           | 🎯 Starting application server...
LMS_app           | ▲ Next.js 16.2.2
LMS_app           | - Local:         http://localhost:3000
LMS_app           | - Network:       http://0.0.0.0:3000
LMS_app           | ✓ Ready in 0ms
LMS_app           | [RateLimit] Redis error: Error: Stream isn't writeable and enableOfflineQueue options is false
LMS_app           |     at EventEmitter.sendCommand (.next/server/chunks/_037-h.p._.js:139:88404)
LMS_app           |     at EventEmitter.eval (.next/server/chunks/_037-h.p._.js:139:15024)
LMS_app           |     at t (.next/server/chunks/[root-of-the-server]__0hd-z1f._.js:1:915)
LMS_app           |     at s (.next/server/chunks/[root-of-the-server]__0hd-z1f._.js:7:207)
LMS_app           |     at re (.next/server/chunks/[root-of-the-server]__03-de9f._.js:18:62529)
LMS_app           |     at async handler (.next/server/chunks/[root-of-the-server]__03-de9f._.js:18:64700)
LMS_app           |     at async (.next/server/chunks/[root-of-the-server]__03-de9f._.js:18:36678)
LMS_app           |     at async tv (.next/server/chunks/[root-of-the-server]__03-de9f._.js:18:33268)
LMS_app           | [RateLimit] Redis error: Error: Stream isn't writeable and enableOfflineQueue options is false
LMS_app           |     at EventEmitter.sendCommand (.next/server/chunks/_037-h.p._.js:139:88404)
LMS_app           |     at EventEmitter.eval (.next/server/chunks/_037-h.p._.js:139:15024)
LMS_app           |     at t (.next/server/chunks/[root-of-the-server]__0hd-z1f._.js:1:915)
LMS_app           |     at s (.next/server/chunks/[root-of-the-server]__0hd-z1f._.js:7:207)
LMS_app           |     at re (.next/server/chunks/[root-of-the-server]__03-de9f._.js:18:62529)
LMS_app           |     at async handler (.next/server/chunks/[root-of-the-server]__03-de9f._.js:18:64700)
LMS_app           |     at async (.next/server/chunks/[root-of-the-server]__03-de9f._.js:18:36678)
LMS_app           |     at async tv (.next/server/chunks/[root-of-the-server]__03-de9f._.js:18:33268)
LMS_caddy         | {"level":"info","ts":1775205656.1016195,"logger":"http.handlers.reverse_proxy.health_checker.active","msg":"host is up","host":"app:3000"}
 Container LMS_app Healthy 
LMS_stats_worker  | [FlushWorker] Initial wait complete, partition manager may now start
LMS_stats_worker  | [FlushWorker] Starting daily scheduled maintenance...
LMS_stats_worker  | [PartitionManager] Starting maintenance check...
LMS_postgres      | 2026-04-03 08:41:21.692 UTC [369] ERROR:  column "partispartitioned" does not exist at character 25
LMS_postgres      | 2026-04-03 08:41:21.692 UTC [369] STATEMENT:  
LMS_postgres      | 	                SELECT partispartitioned FROM pg_class c
LMS_postgres      | 	                JOIN pg_namespace n ON n.oid = c.relnamespace
LMS_postgres      | 	                WHERE c.relname = 'audit_logs' AND n.nspname = 'public'
LMS_postgres      | 	            
LMS_stats_worker  | [PartitionManager] Skipping partition audit_logs_p2026_04: Table may not be ready yet
LMS_postgres      | 2026-04-03 08:41:21.700 UTC [369] ERROR:  column "partispartitioned" does not exist at character 25
LMS_postgres      | 2026-04-03 08:41:21.700 UTC [369] STATEMENT:  
LMS_postgres      | 	                SELECT partispartitioned FROM pg_class c
LMS_postgres      | 	                JOIN pg_namespace n ON n.oid = c.relnamespace
LMS_postgres      | 	                WHERE c.relname = 'audit_logs' AND n.nspname = 'public'
LMS_postgres      | 	            
LMS_postgres      | 2026-04-03 08:41:21.705 UTC [369] ERROR:  column "partispartitioned" does not exist at character 25
LMS_postgres      | 2026-04-03 08:41:21.705 UTC [369] STATEMENT:  
LMS_postgres      | 	                SELECT partispartitioned FROM pg_class c
LMS_postgres      | 	                JOIN pg_namespace n ON n.oid = c.relnamespace
LMS_postgres      | 	                WHERE c.relname = 'audit_logs' AND n.nspname = 'public'
LMS_postgres      | 	            
LMS_postgres      | 2026-04-03 08:41:21.708 UTC [369] ERROR:  column "partispartitioned" does not exist at character 25
LMS_postgres      | 2026-04-03 08:41:21.708 UTC [369] STATEMENT:  
LMS_postgres      | 	                SELECT partispartitioned FROM pg_class c
LMS_postgres      | 	                JOIN pg_namespace n ON n.oid = c.relnamespace
LMS_postgres      | 	                WHERE c.relname = 'audit_logs' AND n.nspname = 'public'
LMS_postgres      | 	            
LMS_stats_worker  | [PartitionManager] Skipping partition audit_logs_p2026_05: Table may not be ready yet
LMS_stats_worker  | [PartitionManager] Skipping partition audit_logs_p2026_06: Table may not be ready yet
LMS_stats_worker  | [PartitionManager] Skipping partition audit_logs_p2026_07: Table may not be ready yet
LMS_stats_worker  | [PartitionManager] Maintenance complete.
LMS_caddy         | {"level":"info","ts":1775205721.1838567,"logger":"tls.obtain","msg":"obtaining certificate","identifier":"*.technurturelms.in"}
LMS_caddy         | {"level":"info","ts":1775205721.184879,"logger":"http","msg":"using ACME account","account_id":"https://acme-staging-v02.api.letsencrypt.org/acme/acct/280034563","account_contact":[]}
LMS_caddy         | {"level":"error","ts":1775205722.4872108,"logger":"tls.obtain","msg":"could not get certificate from issuer","identifier":"*.technurturelms.in","issuer":"acme-v02.api.letsencrypt.org-directory","error":"[*.technurturelms.in] solving challenges: *.technurturelms.in: no solvers available for remaining challenges (configured=[http-01 tls-alpn-01] offered=[dns-persist-01 dns-01] remaining=[dns-persist-01 dns-01]) (order=https://acme-staging-v02.api.letsencrypt.org/acme/order/280034563/35552836003) (ca=https://acme-staging-v02.api.letsencrypt.org/directory)"}
LMS_caddy         | {"level":"error","ts":1775205722.4873471,"logger":"tls.obtain","msg":"will retry","error":"[*.technurturelms.in] Obtain: [*.technurturelms.in] solving challenges: *.technurturelms.in: no solvers available for remaining challenges (configured=[http-01 tls-alpn-01] offered=[dns-persist-01 dns-01] remaining=[dns-persist-01 dns-01]) (order=https://acme-staging-v02.api.letsencrypt.org/acme/order/280034563/35552836003) (ca=https://acme-staging-v02.api.letsencrypt.org/directory)","attempt":3,"retrying_in":120,"elapsed":187.076842216,"max_duration":2592000}
LMS_caddy         | {"level":"info","ts":1775205730.178721,"logger":"tls.obtain","msg":"obtaining certificate","identifier":"technurturelms.in"}
LMS_caddy         | {"level":"info","ts":1775205730.1884062,"logger":"http","msg":"using ACME account","account_id":"https://acme-staging-v02.api.letsencrypt.org/acme/acct/280034563","account_contact":[]}
LMS_caddy         | {"level":"info","ts":1775205731.184358,"msg":"trying to solve challenge","identifier":"technurturelms.in","challenge_type":"tls-alpn-01","ca":"https://acme-staging-v02.api.letsencrypt.org/directory"}
LMS_caddy         | {"level":"info","ts":1775205731.6207654,"msg":"shutting down apps, then terminating","signal":"SIGTERM"}
LMS_caddy         | {"level":"warn","ts":1775205731.6210685,"msg":"exiting; byeee!! 👋","signal":"SIGTERM"}
LMS_caddy         | {"level":"info","ts":1775205731.6212049,"logger":"http","msg":"servers shutting down with eternal grace period"}
LMS_caddy         | {"level":"info","ts":1775205731.62187,"logger":"admin","msg":"stopped previous server","address":"localhost:2019"}
LMS_caddy         | {"level":"info","ts":1775205731.6218946,"msg":"shutdown complete","signal":"SIGTERM","exit_code":0}
LMS_stats_worker  | npm error path /app
LMS_stats_worker  | npm error command failed
LMS_stats_worker  | npm error signal SIGTERM
LMS_stats_worker  | npm error command sh -c tsx scripts/stats-flush-worker.ts
LMS_stats_worker  | npm notice
LMS_stats_worker  | npm notice New major version of npm available! 10.8.2 -> 11.12.1
LMS_stats_worker  | npm notice Changelog: https://github.com/npm/cli/releases/tag/v11.12.1
LMS_stats_worker  | npm notice To update run: npm install -g npm@11.12.1
LMS_stats_worker  | npm notice
LMS_stats_worker  | npm error Log files were not written due to an error writing to the directory: /nonexistent/.npm/_logs
LMS_stats_worker  | npm error You can rerun the command with `--loglevel=verbose` to see the logs in your terminal
LMS_event_worker  | npm error path /app
LMS_event_worker  | npm error command failed
LMS_event_worker  | npm error signal SIGTERM
LMS_event_worker  | npm error command sh -c tsx scripts/event-worker.ts
LMS_event_worker  | npm notice
LMS_event_worker  | npm notice New major version of npm available! 10.8.2 -> 11.12.1
LMS_event_worker  | npm notice Changelog: https://github.com/npm/cli/releases/tag/v11.12.1
LMS_event_worker  | npm notice To update run: npm install -g npm@11.12.1
LMS_event_worker  | npm notice
LMS_event_worker  | npm error Log files were not written due to an error writing to the directory: /nonexistent/.npm/_logs
LMS_event_worker  | npm error You can rerun the command with `--loglevel=verbose` to see the logs in your terminal
[KLMS_caddy exited with code 0
[KLMS_event_worker exited with code 1
[KLMS_stats_worker exited with code 1
[KLMS_app exited with code 143
LMS_redis         | 1:signal-handler (1775205732) Received SIGTERM scheduling shutdown...
LMS_postgres      | 2026-04-03 08:42:12.948 UTC [1] LOG:  received fast shutdown request
LMS_postgres      | 2026-04-03 08:42:12.957 UTC [1] LOG:  aborting any active transactions
LMS_postgres      | 2026-04-03 08:42:12.965 UTC [1] LOG:  background worker "logical replication launcher" (PID 75) exited with exit code 1
LMS_postgres      | 2026-04-03 08:42:12.966 UTC [70] LOG:  shutting down
LMS_postgres      | 2026-04-03 08:42:12.970 UTC [70] LOG:  checkpoint starting: shutdown immediate
LMS_redis         | 1:M 03 Apr 2026 08:42:12.983 * User requested shutdown...
LMS_redis         | 1:M 03 Apr 2026 08:42:12.983 * Saving the final RDB snapshot before exiting.
LMS_redis         | 1:M 03 Apr 2026 08:42:13.000 * DB saved on disk
LMS_redis         | 1:M 03 Apr 2026 08:42:13.000 # Redis is now ready to exit, bye bye...
LMS_postgres      | 2026-04-03 08:42:13.315 UTC [70] LOG:  checkpoint complete: wrote 306 buffers (1.9%); 0 WAL file(s) added, 0 removed, 0 recycled; write=0.044 s, sync=0.263 s, total=0.350 s; sync files=322, longest=0.019 s, average=0.001 s; distance=2213 kB, estimate=2213 kB
LMS_postgres      | 2026-04-03 08:42:13.329 UTC [1] LOG:  database system is shut down
[KLMS_redis exited with code 0
[KLMS_postgres exited with code 0
